// Jest Snapshot v1, https://goo.gl/fbAQLP

exports[`matches snapshot 1`] = `
<DocumentFragment>
  <div>
    <form>
      <label
        for="itemForm"
      >
        Item:
      </label>
      <input
        id="itemForm"
        name="itemForm"
        type="text"
        value=""
      />
      <button>
        Add
      </button>
    </form>
  </div>
</DocumentFragment>
`;
